jongo@raspberrypi:~ $ sudo mv arduino-cli /usr/local/bin
mv: cannot stat 'arduino-cli': No such file or directory
jongo@raspberrypi:~ $ sudo mv arduino-cli /usr/local/bin 
mv: cannot stat 'arduino-cli': No such file or directory
jongo@raspberrypi:~ $ curl -fsSL https://raw.githubusercontent.com/arduino/arduino-cli/master/install.sh | sh
Installing in /home/jongo/bin
ARCH=ARM64
OS=Linux
Using curl as download tool
Downloading https://downloads.arduino.cc/arduino-cli/arduino-cli_0.34.2_Linux_ARM64.tar.gz
An existing arduino-cli was found at /home/jongo/Arduino/arduino-cli. Please prepend "/home/jongo/bin" to your $PATH or remove the existing one.
arduino-cli  Version: 0.34.2 Commit: 963c1a76 Date: 2023-09-11T10:05:49Z installed successfully in /home/jongo/bin
jongo@raspberrypi:~ $ sudo mv /home/jongo/bin/arduino-cli /usr/local/bin 
jongo@raspberrypi:~ $ sudo chown root:root /usr/local/bin/arduino-cli
jongo@raspberrypi:~ $ sudo arduino-cli core search
Downloading index: package_index.tar.bz2 downloaded                                                                  
ID                       Version   Name                                                                                 
arduino:avr              1.8.6     Arduino AVR Boards                                                                   
arduino:esp32            2.0.13    Arduino ESP32 Boards                                                                 
arduino:mbed_edge        4.0.10    Arduino Mbed OS Edge Boards                                                          
arduino:mbed_giga        4.0.10    Arduino Mbed OS Giga Boards                                                          
arduino:mbed_nano        4.0.10    Arduino Mbed OS Nano Boards                                                          
arduino:mbed_nicla       4.0.10    Arduino Mbed OS Nicla Boards                                                         
arduino:mbed_opta        4.0.10    Arduino Mbed OS Opta Boards                                                          
arduino:mbed_portenta    4.0.10    Arduino Mbed OS Portenta Boards                                                      
arduino:mbed_rp2040      4.0.10    Arduino Mbed OS RP2040 Boards                                                        
arduino:megaavr          1.8.8     Arduino megaAVR Boards                                                               
arduino:nrf52            1.0.2     Arduino nRF52 Boards                                                                 
arduino:renesas_portenta 1.0.5     Arduino Renesas Portenta Boards                                                      
arduino:sam              1.6.12    Arduino SAM Boards (32-bits ARM Cortex-M3)                                           
arduino:samd             1.8.13    Arduino SAMD Boards (32-bits ARM Cortex-M0+)                                         
arduino:renesas_uno      1.0.5     Arduino UNO R4 Boards                                                                
Arrow:samd               2.1.0     Arrow Boards                                                                         
atmel-avr-xminis:avr     0.6.0     Atmel AVR Xplained-minis                                                             
emoro:avr                3.2.2     EMORO 2560                                                                           
esp32:esp32              2.0.11    esp32                                                                                
industruino:samd         1.0.1     Industruino SAMD Boards (32-bits ARM Cortex-M0+)                                     
Intel:arc32              2.0.6     Intel Curie Boards                                                                   
Intel:i586               1.6.7+1.0 Intel i586 Boards                                                                    
Intel:i686               1.6.7+1.0 Intel i686 Boards                                                                    
littleBits:avr           1.0.0     littleBits Arduino AVR Modules                                                       
renesas:rl78g22_fpb      2.0.0     RL78/G22 Fast Prototyping Board                                                      
renesas:rl78g23_fpb_p64  2.0.0     RL78/G23-64p Fast Prototyping Board                                                  
Microsoft:win10          1.1.2     Windows 10 Iot Core                                                                  
arduino:mbed             3.3.0     [DEPRECATED] [DEPRECATED - Please install standalone packages] Arduino Mbed OS Boards

jongo@raspberrypi:~ $ uname -m
aarch64
jongo@raspberrypi:~ $ sudo arduino-cli core update-index
Downloading index: package_index.tar.bz2 downloaded                                                                                                                                              
jongo@raspberrypi:~ $ sudo arduino-cli core upgrade     
All the cores are already at the latest version
jongo@raspberrypi:~ $ sudo arduino-cli core install arduino:mbed_nano
Platform arduino:mbed_nano@4.0.10 already installed
jongo@raspberrypi:~ $ sudo arduino-cli core install arduino:mbed_rp2040
Tool arduino:openocd@0.11.0-arduino2 already installed
Tool arduino:arm-none-eabi-gcc@7-2017q4 already installed
Tool arduino:bossac@1.9.1-arduino2 already installed
Tool arduino:dfu-util@0.10.0-arduino1 already installed
Tool arduino:rp2040tools@1.0.6 already installed
Downloading packages...
arduino:mbed_rp2040@4.0.10 downloaded                                                                                                                                                            
Installing platform arduino:mbed_rp2040@4.0.10...
Configuring platform....
Reload rules...

Platform arduino:mbed_rp2040@4.0.10 installed
jongo@raspberrypi:~ $ sudo arduino-cli board list                      
Port       Protocol Type        Board Name FQBN Core
/dev/ttyS0 serial   Serial Port Unknown             

jongo@raspberrypi:~ $ sudo arduino-cli board list
Port         Protocol Type              Board Name                  FQBN                                Core             
/dev/ttyACM0 serial   Serial Port (USB) Arduino Nano RP2040 Connect arduino:mbed_nano:nanorp2040connect arduino:mbed_nano
/dev/ttyS0   serial   Serial Port       Unknown                                                                          

jongo@raspberrypi:~ $ sudo arduino-cli core install arduino:avr        
Downloading packages...
arduino:avr-gcc@7.3.0-atmel3.6.1-arduino7 downloaded                                                                                                                                             
arduino:avrdude@6.3.0-arduino17 downloaded                                                                                                                                                       
arduino:arduinoOTA@1.3.0 downloaded                                                                                                                                                              
arduino:avr@1.8.6 downloaded                                                                                                                                                                     
Installing arduino:avr-gcc@7.3.0-atmel3.6.1-arduino7...
Configuring tool....
arduino:avr-gcc@7.3.0-atmel3.6.1-arduino7 installed
Installing arduino:avrdude@6.3.0-arduino17...
Configuring tool....
arduino:avrdude@6.3.0-arduino17 installed
Installing arduino:arduinoOTA@1.3.0...
Configuring tool....
arduino:arduinoOTA@1.3.0 installed
Installing platform arduino:avr@1.8.6...
Configuring platform....
Platform arduino:avr@1.8.6 installed
jongo@raspberrypi:~ $ sudo arduino-cli core install arduino:megaavr
Tool arduino:avrdude@6.3.0-arduino17 already installed
Tool arduino:arduinoOTA@1.3.0 already installed
Downloading packages...
arduino:avr-gcc@7.3.0-atmel3.6.1-arduino5 downloaded                                                                                                                                             
arduino:megaavr@1.8.8 downloaded                                                                                                                                                                 
Installing arduino:avr-gcc@7.3.0-atmel3.6.1-arduino5...
Configuring tool....
arduino:avr-gcc@7.3.0-atmel3.6.1-arduino5 installed
Installing platform arduino:megaavr@1.8.8...
Configuring platform....
Platform arduino:megaavr@1.8.8 installed
jongo@raspberrypi:~ $ sudo arduino-cli core install arduino:samd   
Tool arduino:arm-none-eabi-gcc@7-2017q4 already installed
Downloading packages...
arduino:bossac@1.7.0-arduino3 downloaded                                                                                                                                                         
arduino:openocd@0.10.0-arduino7 downloaded                                                                                                                                                       
arduino:CMSIS@4.5.0 downloaded                                                                                                                                                                   
arduino:CMSIS-Atmel@1.2.0 downloaded                                                                                                                                                             
arduino:arduinoOTA@1.2.1 downloaded                                                                                                                                                              
arduino:samd@1.8.13 downloaded                                                                                                                                                                   
Installing arduino:bossac@1.7.0-arduino3...
Configuring tool....
arduino:bossac@1.7.0-arduino3 installed
Installing arduino:openocd@0.10.0-arduino7...
Configuring tool....
arduino:openocd@0.10.0-arduino7 installed
Installing arduino:CMSIS@4.5.0...
Configuring tool....
arduino:CMSIS@4.5.0 installed
Installing arduino:CMSIS-Atmel@1.2.0...
Configuring tool....
arduino:CMSIS-Atmel@1.2.0 installed
Installing arduino:arduinoOTA@1.2.1...
Configuring tool....
arduino:arduinoOTA@1.2.1 installed
Installing platform arduino:samd@1.8.13...
Configuring platform....
Platform arduino:samd@1.8.13 installed
jongo@raspberrypi:~ $ 
